
rajesh@DESKTOP-VOG5JCE MINGW64 ~/desktop/intern (master)
$ git log --oneline --graph --all
* 57af9a9 (HEAD -> master) basic branching 14
| *   37e77f4 (temp2, greeting) done merging
| |\
| | * dbb7cc1 (temp1) 7th kata 1
| * | ccad72c 7th kata 2
| |/
| * a2db734 example for merge conflict
| *   1d0e989 Merge branch 'greeting'
| |\
| | * 0c8e7a3 3 way merge 4
| * | 3eb14e6 3 way merge 7
| |/
| * 65571f0 fast forward merge 5
| * 2b2670e basic branching 14
|/
| * e23c306 (my) basic branching 10
|/
* 35e154d basic staging line 15
* b13cf7a basic commits line 16
* 9c47633 basic commits line 14
* b148332 basic commits line 7

rajesh@DESKTOP-VOG5JCE MINGW64 ~/desktop/intern (master)
$ ls
README.md  contents  file  file2  grt
rajesh@DESKTOP-VOG5JCE MINGW64 ~/desktop/intern (master)
$ git rebase --interactive v0.0
fatal: invalid upstream 'v0.0'

rajesh@DESKTOP-VOG5JCE MINGW64 ~/desktop/intern (master)
$ git rebase HEAD
Current branch master is up to date.

rajesh@DESKTOP-VOG5JCE MINGW64 ~/desktop/intern (master)
$ git rebase -i HEAD
hint: Waiting for your editor to close the file... unix2dos: converting file C:/Users/rajesh/Desktop/intern/.git/rebase-merge/git-rebase-todo to DOS format...
dos2unix: converting file C:/Users/rajesh/Desktop/intern/.git/rebase-merge/git-rebase-todo to Unix format...
Successfully rebased and updated refs/heads/master.

rajesh@DESKTOP-VOG5JCE MINGW64 ~/desktop/intern (master)
$ git rebase -i 35e154d
hint: Waiting for your editor to close the file... unix2dos: converting file C:/Users/rajesh/Desktop/intern/.git/rebase-merge/git-rebase-todo to DOS format...
dos2unix: converting file C:/Users/rajesh/Desktop/intern/.git/rebase-merge/git-rebase-todo to Unix format...
hint: Waiting for your editor to close the file... unix2dos: converting file C:/Users/rajesh/Desktop/intern/.git/COMMIT_EDITMSG to DOS format...
dos2unix: converting file C:/Users/rajesh/Desktop/intern/.git/COMMIT_EDITMSG to Unix format...
[detached HEAD b47e431] basic branching 14
 Date: Sat Nov 12 11:02:48 2022 +0530
 4 files changed, 14 insertions(+)
 create mode 100644 README.md
 create mode 100644 contents
 create mode 100644 file2
 create mode 100644 grt
Successfully rebased and updated refs/heads/master.

rajesh@DESKTOP-VOG5JCE MINGW64 ~/desktop/intern (master)
$ git log --oneline --graph --all
* b47e431 (HEAD -> master) basic branching 14
| *   37e77f4 (temp2, greeting) done merging
| |\
| | * dbb7cc1 (temp1) 7th kata 1
| * | ccad72c 7th kata 2
| |/
| * a2db734 example for merge conflict
| *   1d0e989 Merge branch 'greeting'
| |\
| | * 0c8e7a3 3 way merge 4
| * | 3eb14e6 3 way merge 7
| |/
| * 65571f0 fast forward merge 5
| * 2b2670e basic branching 14
|/
| * e23c306 (my) basic branching 10
|/
* 35e154d basic staging line 15
* b13cf7a basic commits line 16
* 9c47633 basic commits line 14
* b148332 basic commits line 7

