
rajesh@DESKTOP-VOG5JCE MINGW64 ~/desktop/intern (master)
$ ls
README.md  a  b  c  contents  file  file2  grt

rajesh@DESKTOP-VOG5JCE MINGW64 ~/desktop/intern (master)
$ ls
README.md  a  b.txt  c  contents  file  file2  grt

rajesh@DESKTOP-VOG5JCE MINGW64 ~/desktop/intern (master)
$ git status
On branch master
Changes not staged for commit:
  (use "git add/rm <file>..." to update what will be committed)
  (use "git restore <file>..." to discard changes in working directory)
        deleted:    b

Untracked files:
  (use "git add <file>..." to include in what will be committed)
        b.txt
        c

no changes added to commit (use "git add" and/or "git commit -a")

rajesh@DESKTOP-VOG5JCE MINGW64 ~/desktop/intern (master)
$ git stash
Saved working directory and index state WIP on master: e4d7dbd added a and b

rajesh@DESKTOP-VOG5JCE MINGW64 ~/desktop/intern (master)
$ git status
On branch master
Untracked files:
  (use "git add <file>..." to include in what will be committed)
        b.txt
        c

nothing added to commit but untracked files present (use "git add" to track)

rajesh@DESKTOP-VOG5JCE MINGW64 ~/desktop/intern (master)
$ git stash -u
Saved working directory and index state WIP on master: e4d7dbd added a and b

rajesh@DESKTOP-VOG5JCE MINGW64 ~/desktop/intern (master)
$ git status
On branch master
nothing to commit, working tree clean

rajesh@DESKTOP-VOG5JCE MINGW64 ~/desktop/intern (master)
$ git stash show

rajesh@DESKTOP-VOG5JCE MINGW64 ~/desktop/intern (master)
$ git stash show

rajesh@DESKTOP-VOG5JCE MINGW64 ~/desktop/intern (master)
$ git stash list
stash@{0}: WIP on master: e4d7dbd added a and b
stash@{1}: WIP on master: e4d7dbd added a and b
stash@{2}: WIP on master: e4d7dbd added a and b
stash@{3}: WIP on master: e4d7dbd added a and b
stash@{4}: WIP on master: e4d7dbd added a and b
stash@{5}: WIP on master: e4d7dbd added a and b

rajesh@DESKTOP-VOG5JCE MINGW64 ~/desktop/intern (master)
$ git stash show stash@{1}
 b | 0
 1 file changed, 0 insertions(+), 0 deletions(-)

rajesh@DESKTOP-VOG5JCE MINGW64 ~/desktop/intern (master)
$ git stash apply
Already up to date.
On branch master
Untracked files:
  (use "git add <file>..." to include in what will be committed)
        b.txt
        c

nothing added to commit but untracked files present (use "git add" to track)

rajesh@DESKTOP-VOG5JCE MINGW64 ~/desktop/intern (master)
$ git stash apply stash@{4}
c already exists, no checkout
error: could not restore untracked files from stash
On branch master
Changes not staged for commit:
  (use "git add/rm <file>..." to update what will be committed)
  (use "git restore <file>..." to discard changes in working directory)
        modified:   a
        deleted:    b

Untracked files:
  (use "git add <file>..." to include in what will be committed)
        b.txt
        c

no changes added to commit (use "git add" and/or "git commit -a")

rajesh@DESKTOP-VOG5JCE MINGW64 ~/desktop/intern (master)
$ git stash clear

rajesh@DESKTOP-VOG5JCE MINGW64 ~/desktop/intern (master)
$ git stash list

rajesh@DESKTOP-VOG5JCE MINGW64 ~/desktop/intern (master)
$ git status
On branch master
Changes not staged for commit:
  (use "git add/rm <file>..." to update what will be committed)
  (use "git restore <file>..." to discard changes in working directory)
        modified:   a
        deleted:    b

Untracked files:
  (use "git add <file>..." to include in what will be committed)
        b.txt
        c

no changes added to commit (use "git add" and/or "git commit -a")

