
rajesh@DESKTOP-VOG5JCE MINGW64 ~/desktop/tuna (master)
$ ls
file.txt

rajesh@DESKTOP-VOG5JCE MINGW64 ~/desktop/tuna (master)
$ touch foo.s

rajesh@DESKTOP-VOG5JCE MINGW64 ~/desktop/tuna (master)
$ git status
On branch master
Untracked files:
  (use "git add <file>..." to include in what will be committed)
        foo.s

nothing added to commit but untracked files present (use "git add" to track)

rajesh@DESKTOP-VOG5JCE MINGW64 ~/desktop/tuna (master)
$ touch .gitignore

rajesh@DESKTOP-VOG5JCE MINGW64 ~/desktop/tuna (master)
$ git status
On branch master
Untracked files:
  (use "git add <file>..." to include in what will be committed)
        .gitignore

nothing added to commit but untracked files present (use "git add" to track)

rajesh@DESKTOP-VOG5JCE MINGW64 ~/desktop/tuna (master)
$ git commit -am"ignore"
On branch master
Untracked files:
  (use "git add <file>..." to include in what will be committed)
        .gitignore

nothing added to commit but untracked files present (use "git add" to track)

rajesh@DESKTOP-VOG5JCE MINGW64 ~/desktop/tuna (master)
$ git add .

rajesh@DESKTOP-VOG5JCE MINGW64 ~/desktop/tuna (master)
$ git commit -m"ignore"
[master ed59295] ignore
 1 file changed, 1 insertion(+)
 create mode 100644 .gitignore

rajesh@DESKTOP-VOG5JCE MINGW64 ~/desktop/tuna (master)
$ git add fil1.txt
fatal: pathspec 'fil1.txt' did not match any files

rajesh@DESKTOP-VOG5JCE MINGW64 ~/desktop/tuna (master)
$ touch .fil1.txt

rajesh@DESKTOP-VOG5JCE MINGW64 ~/desktop/tuna (master)
$ git add fil1.txt
fatal: pathspec 'fil1.txt' did not match any files

rajesh@DESKTOP-VOG5JCE MINGW64 ~/desktop/tuna (master)
$ git status
On branch master
Untracked files:
  (use "git add <file>..." to include in what will be committed)
        .fil1.txt

nothing added to commit but untracked files present (use "git add" to track)

rajesh@DESKTOP-VOG5JCE MINGW64 ~/desktop/tuna (master)
$ git rm .fil1.txt
fatal: pathspec '.fil1.txt' did not match any files

rajesh@DESKTOP-VOG5JCE MINGW64 ~/desktop/tuna (master)
$ git rm --cached .fil1.txt
fatal: pathspec '.fil1.txt' did not match any files

rajesh@DESKTOP-VOG5JCE MINGW64 ~/desktop/tuna (master)
$ git add .fil1.txt

rajesh@DESKTOP-VOG5JCE MINGW64 ~/desktop/tuna (master)
$ git add fil1.txt

rajesh@DESKTOP-VOG5JCE MINGW64 ~/desktop/tuna (master)
$ git commit -m"fil1"
[master 43831f8] fil1
 2 files changed, 0 insertions(+), 0 deletions(-)
 create mode 100644 .fil1.txt
 create mode 100644 fil1.txt

rajesh@DESKTOP-VOG5JCE MINGW64 ~/desktop/tuna (master)
$ git status
On branch master
Changes not staged for commit:
  (use "git add/rm <file>..." to update what will be committed)
  (use "git restore <file>..." to discard changes in working directory)
        deleted:    .fil1.txt
        modified:   .gitignore

no changes added to commit (use "git add" and/or "git commit -a")

rajesh@DESKTOP-VOG5JCE MINGW64 ~/desktop/tuna (master)
$ git status
On branch master
Changes not staged for commit:
  (use "git add/rm <file>..." to update what will be committed)
  (use "git restore <file>..." to discard changes in working directory)
        deleted:    .fil1.txt
        modified:   .gitignore
        modified:   fil1.txt

no changes added to commit (use "git add" and/or "git commit -a")

rajesh@DESKTOP-VOG5JCE MINGW64 ~/desktop/tuna (master)
$ git status
On branch master
Changes not staged for commit:
  (use "git add/rm <file>..." to update what will be committed)
  (use "git restore <file>..." to discard changes in working directory)
        deleted:    .fil1.txt
        modified:   .gitignore
        modified:   fil1.txt

no changes added to commit (use "git add" and/or "git commit -a")

rajesh@DESKTOP-VOG5JCE MINGW64 ~/desktop/tuna (master)
$ git rm --cached fil1.txt
rm 'fil1.txt'

rajesh@DESKTOP-VOG5JCE MINGW64 ~/desktop/tuna (master)
$ git status
On branch master
Changes to be committed:
  (use "git restore --staged <file>..." to unstage)
        deleted:    fil1.txt

Changes not staged for commit:
  (use "git add/rm <file>..." to update what will be committed)
  (use "git restore <file>..." to discard changes in working directory)
        deleted:    .fil1.txt
        modified:   .gitignore


rajesh@DESKTOP-VOG5JCE MINGW64 ~/desktop/tuna (master)
$ git add .

rajesh@DESKTOP-VOG5JCE MINGW64 ~/desktop/tuna (master)
$ git status
On branch master
Changes to be committed:
  (use "git restore --staged <file>..." to unstage)
        deleted:    .fil1.txt
        modified:   .gitignore
        deleted:    fil1.txt


rajesh@DESKTOP-VOG5JCE MINGW64 ~/desktop/tuna (master)
$ git status
On branch master
Changes to be committed:
  (use "git restore --staged <file>..." to unstage)
        deleted:    .fil1.txt
        modified:   .gitignore
        deleted:    fil1.txt

Changes not staged for commit:
  (use "git add <file>..." to update what will be committed)
  (use "git restore <file>..." to discard changes in working directory)
        modified:   .gitignore

Untracked files:
  (use "git add <file>..." to include in what will be committed)
        file2.txt


rajesh@DESKTOP-VOG5JCE MINGW64 ~/desktop/tuna (master)
$ git add .

rajesh@DESKTOP-VOG5JCE MINGW64 ~/desktop/tuna (master)
$ git status
On branch master
Changes to be committed:
  (use "git restore --staged <file>..." to unstage)
        modified:   .gitignore
        deleted:    fil1.txt
        renamed:    .fil1.txt -> file2.txt

